output_dir=/home/hungvu/code/quant/QTradeSystematic/configs/strategies/ml_factor/autoresearch/v1_runs/ml_factor_classifier_v1/144_098base_rank_probsum_max4_train756_no_sl
config=/home/hungvu/code/quant/QTradeSystematic/configs/strategies/ml_factor/autoresearch/v1_runs/ml_factor_classifier_v1/144_098base_rank_probsum_max4_train756_no_sl/trial_config.yaml
params: run_id=autoresearch_144_098base_rank_probsum_max4_train756_no_sl fwd=12 cw=120 threshold_scope=classification_window balanced_sample_weight=False tw=756 rb=8 max_pos=4 threshold=0.45 min_predicted_class=None stop_loss=None take_profit=None trailing_stop=None
loaded raw: 202669 rows, 101 symbols
rows                   200574
dates                    2096
symbols                   100
feature_ready_rows     177774
training_ready_rows    176574
training rebalance 1/168: 2021-01-04
training rebalance 25/168: 2021-10-13
training rebalance 50/168: 2022-08-02
training rebalance 75/168: 2023-05-24
training rebalance 100/168: 2024-03-11
training rebalance 125/168: 2024-12-24
training rebalance 150/168: 2025-10-16
Traceback (most recent call last):
  File "/home/hungvu/code/quant/QTradeSystematic/notebooks/ml_factor_classifier.py", line 1158, in <module>
    main()
    ~~~~^^
  File "/home/hungvu/code/quant/QTradeSystematic/notebooks/ml_factor_classifier.py", line 1099, in main
    predictions, selected_predictions, selected_eval, run_eval = run_predictions(
                                                                 ~~~~~~~~~~~~~~~^
        model_frame,
        ^^^^^^^^^^^^
        args.output_dir,
        ^^^^^^^^^^^^^^^^
    )
    ^
  File "/home/hungvu/code/quant/QTradeSystematic/notebooks/ml_factor_classifier.py", line 609, in run_predictions
    raise RuntimeError("No prediction rows generated.")
RuntimeError: No prediction rows generated.
