output_dir=/Users/s2997726/Desktop/code/quant/QS/QTradeSystematic/configs/strategies/ml_factor/autoresearch/ledger/trial_013_forward_21
config=/Users/s2997726/Desktop/code/quant/QS/QTradeSystematic/configs/strategies/ml_factor/autoresearch/ledger/trial_013_forward_21/trial_config.yaml
params: run_id=autoresearch_forward_21 fwd=21 cw=120 tw=630 rb=8 max_pos=5 threshold=0.3
loaded raw: 202669 rows, 101 symbols
rows                   200574
dates                    2096
symbols                   100
feature_ready_rows     177774
training_ready_rows    175674
training rebalance 1/168: 2021-01-04
training rebalance 25/168: 2021-10-13
training rebalance 50/168: 2022-08-02
training rebalance 75/168: 2023-05-24
training rebalance 100/168: 2024-03-11
training rebalance 125/168: 2024-12-24
training rebalance 150/168: 2025-10-16
prediction_rows            16215.000000
prediction_dates             166.000000
selected_rows                132.000000
selected_dates                45.000000
top_mean_forward_return        0.022758
class_accuracy                 0.387789
backtest_symbols            43
order_dates                 38
first_order_date    2022-01-25
last_order_date     2026-05-11
wrote outputs to /Users/s2997726/Desktop/code/quant/QS/QTradeSystematic/configs/strategies/ml_factor/autoresearch/ledger/trial_013_forward_21
