output_dir=/Users/s2997726/Desktop/code/quant/QS/QTradeSystematic/configs/strategies/ml_factor/autoresearch/ledger/trial_015_train_756
config=/Users/s2997726/Desktop/code/quant/QS/QTradeSystematic/configs/strategies/ml_factor/autoresearch/ledger/trial_015_train_756/trial_config.yaml
params: run_id=autoresearch_train_756 fwd=12 cw=120 tw=756 rb=8 max_pos=5 threshold=0.3
loaded raw: 202669 rows, 101 symbols
rows                   200574
dates                    2096
symbols                   100
feature_ready_rows     177774
training_ready_rows    176574
training rebalance 1/168: 2021-01-04
training rebalance 25/168: 2021-10-13
training rebalance 50/168: 2022-08-02
training rebalance 75/168: 2023-05-24
training rebalance 100/168: 2024-03-11
training rebalance 125/168: 2024-12-24
training rebalance 150/168: 2025-10-16
Traceback (most recent call last):
  File "/Users/s2997726/Desktop/code/quant/QS/QTradeSystematic/notebooks/ml_factor_classifier.py", line 975, in <module>
    main()
    ~~~~^^
  File "/Users/s2997726/Desktop/code/quant/QS/QTradeSystematic/notebooks/ml_factor_classifier.py", line 923, in main
    predictions, selected_predictions, selected_eval, run_eval = run_predictions(model_frame)
                                                                 ~~~~~~~~~~~~~~~^^^^^^^^^^^^^
  File "/Users/s2997726/Desktop/code/quant/QS/QTradeSystematic/notebooks/ml_factor_classifier.py", line 524, in run_predictions
    raise RuntimeError("No prediction rows generated.")
RuntimeError: No prediction rows generated.
