output_dir=/home/hungvu/code/quant/QTradeSystematic/configs/strategies/ml_factor/autoresearch/v1_runs/ml_factor_classifier_v1/029_rank_score_fallback_3_train_504
config=/home/hungvu/code/quant/QTradeSystematic/configs/strategies/ml_factor/autoresearch/v1_runs/ml_factor_classifier_v1/029_rank_score_fallback_3_train_504/trial_config.yaml
params: run_id=autoresearch_029_rank_score_fallback_3_train_504 fwd=12 cw=120 tw=504 rb=8 max_pos=5 threshold=0.3 stop_loss=None take_profit=None
loaded raw: 202669 rows, 101 symbols
rows                   200574
dates                    2096
symbols                   100
feature_ready_rows     177774
training_ready_rows    176574
training rebalance 1/168: 2021-01-04
training rebalance 25/168: 2021-10-13
training rebalance 50/168: 2022-08-02
training rebalance 75/168: 2023-05-24
training rebalance 100/168: 2024-03-11
training rebalance 125/168: 2024-12-24
training rebalance 150/168: 2025-10-16
prediction_rows            16315.000000
prediction_dates             167.000000
selected_rows                655.000000
selected_dates               167.000000
top_mean_forward_return        0.025253
class_accuracy                 0.316335
backtest_symbols            75
order_dates                163
first_order_date    2021-01-05
last_order_date     2026-05-21
wrote outputs to /home/hungvu/code/quant/QTradeSystematic/configs/strategies/ml_factor/autoresearch/v1_runs/ml_factor_classifier_v1/029_rank_score_fallback_3_train_504
