output_dir=/Users/s2997726/Desktop/code/quant/QS/QTradeSystematic/configs/strategies/ml_factor/autoresearch/ledger/trial_008_rebalance_5
config=/Users/s2997726/Desktop/code/quant/QS/QTradeSystematic/configs/strategies/ml_factor/autoresearch/ledger/trial_008_rebalance_5/trial_config.yaml
params: run_id=autoresearch_rebalance_5 fwd=12 cw=120 tw=630 rb=5 max_pos=5 threshold=0.3
loaded raw: 202669 rows, 101 symbols
rows                   200574
dates                    2096
symbols                   100
feature_ready_rows     177774
training_ready_rows    176574
training rebalance 1/269: 2021-01-07
training rebalance 25/269: 2021-07-06
training rebalance 50/269: 2021-12-30
training rebalance 75/269: 2022-07-06
training rebalance 100/269: 2022-12-30
training rebalance 125/269: 2023-07-06
training rebalance 150/269: 2024-01-02
training rebalance 175/269: 2024-07-08
training rebalance 200/269: 2025-01-02
training rebalance 225/269: 2025-07-09
training rebalance 250/269: 2026-01-06
prediction_rows            25977.000000
prediction_dates             266.000000
selected_rows                410.000000
selected_dates               151.000000
top_mean_forward_return        0.042464
class_accuracy                 0.329214
backtest_symbols            62
order_dates                128
first_order_date    2021-01-08
last_order_date     2026-05-11
wrote outputs to /Users/s2997726/Desktop/code/quant/QS/QTradeSystematic/configs/strategies/ml_factor/autoresearch/ledger/trial_008_rebalance_5
