output_dir=/Users/s2997726/Desktop/code/quant/QS/QTradeSystematic/configs/strategies/ml_factor/autoresearch/ledger/trial_009_rebalance_10
config=/Users/s2997726/Desktop/code/quant/QS/QTradeSystematic/configs/strategies/ml_factor/autoresearch/ledger/trial_009_rebalance_10/trial_config.yaml
params: run_id=autoresearch_rebalance_10 fwd=12 cw=120 tw=630 rb=10 max_pos=5 threshold=0.3
loaded raw: 202669 rows, 101 symbols
rows                   200574
dates                    2096
symbols                   100
feature_ready_rows     177774
training_ready_rows    176574
training rebalance 1/134: 2021-01-14
training rebalance 25/134: 2021-12-30
training rebalance 50/134: 2022-12-30
training rebalance 75/134: 2024-01-02
training rebalance 100/134: 2025-01-02
training rebalance 125/134: 2026-01-06
prediction_rows            12991.000000
prediction_dates             133.000000
selected_rows                209.000000
selected_dates                73.000000
top_mean_forward_return        0.037079
class_accuracy                 0.328612
backtest_symbols            56
order_dates                 67
first_order_date    2021-01-15
last_order_date     2026-05-11
wrote outputs to /Users/s2997726/Desktop/code/quant/QS/QTradeSystematic/configs/strategies/ml_factor/autoresearch/ledger/trial_009_rebalance_10
