output_dir=/home/hungvu/code/quant/QTradeSystematic/configs/strategies/ml_factor/autoresearch/v1_runs/ml_factor_classifier_v1/044_strict_class_3_4_threshold_50_clear_guard
config=/home/hungvu/code/quant/QTradeSystematic/configs/strategies/ml_factor/autoresearch/v1_runs/ml_factor_classifier_v1/044_strict_class_3_4_threshold_50_clear_guard/trial_config.yaml
params: run_id=autoresearch_044_strict_class_3_4_threshold_50_clear_guard fwd=12 cw=120 tw=630 rb=8 max_pos=6 threshold=0.5 min_predicted_class=3 stop_loss=0.15 take_profit=None
loaded raw: 202669 rows, 101 symbols
rows                   200574
dates                    2096
symbols                   100
feature_ready_rows     177774
training_ready_rows    176574
training rebalance 1/168: 2021-01-04
training rebalance 25/168: 2021-10-13
training rebalance 50/168: 2022-08-02
training rebalance 75/168: 2023-05-24
training rebalance 100/168: 2024-03-11
training rebalance 125/168: 2024-12-24
training rebalance 150/168: 2025-10-16
Traceback (most recent call last):
  File "/home/hungvu/code/quant/QTradeSystematic/notebooks/ml_factor_classifier.py", line 1056, in <module>
    main()
    ~~~~^^
  File "/home/hungvu/code/quant/QTradeSystematic/notebooks/ml_factor_classifier.py", line 1004, in main
    predictions, selected_predictions, selected_eval, run_eval = run_predictions(model_frame)
                                                                 ~~~~~~~~~~~~~~~^^^^^^^^^^^^^
  File "/home/hungvu/code/quant/QTradeSystematic/notebooks/ml_factor_classifier.py", line 584, in run_predictions
    raise RuntimeError(
    ...<4 lines>...
    )
RuntimeError: No predictions passed signal filters: class_3_4_prob>0.5, min_predicted_class=3, fallback_min_positions=0.
