output_dir=/home/hungvu/code/quant/QTradeSystematic/configs/strategies/ml_factor/autoresearch/v1_runs/ml_factor_classifier_v1/182_098base_rank_probsum_prob234_max4_sl05_close_no_regime
config=/home/hungvu/code/quant/QTradeSystematic/configs/strategies/ml_factor/autoresearch/v1_runs/ml_factor_classifier_v1/182_098base_rank_probsum_prob234_max4_sl05_close_no_regime/trial_config.yaml
params: run_id=autoresearch_182_098base_rank_probsum_prob234_max4_sl05_close_no_regime fwd=12 cw=120 threshold_scope=classification_window balanced_sample_weight=False tw=630 rb=8 rebalance_existing_positions=False max_pos=4 threshold=0.45 min_predicted_class=None stop_loss=0.05 stop_loss_min_hold=1 stop_loss_benchmark_filter=None take_profit=None trailing_stop=None benchmark_regime_enabled=False
loaded raw: 202669 rows, 101 symbols
rows                   200574
dates                    2096
symbols                   100
feature_ready_rows     177774
training_ready_rows    176574
training rebalance 1/168: 2021-01-04
training rebalance 25/168: 2021-10-13
training rebalance 50/168: 2022-08-02
training rebalance 75/168: 2023-05-24
training rebalance 100/168: 2024-03-11
training rebalance 125/168: 2024-12-24
training rebalance 150/168: 2025-10-16
Traceback (most recent call last):
  File "/home/hungvu/code/quant/QTradeSystematic/notebooks/ml_factor_classifier.py", line 1227, in <module>
    main()
    ~~~~^^
  File "/home/hungvu/code/quant/QTradeSystematic/notebooks/ml_factor_classifier.py", line 1168, in main
    predictions, selected_predictions, selected_eval, run_eval = run_predictions(
                                                                 ~~~~~~~~~~~~~~~^
        model_frame,
        ^^^^^^^^^^^^
        args.output_dir,
        ^^^^^^^^^^^^^^^^
    )
    ^
  File "/home/hungvu/code/quant/QTradeSystematic/notebooks/ml_factor_classifier.py", line 638, in run_predictions
    predictions = predictions.sort_values(
        ["date", RANK_COL, "symbol"],
        ascending=[True, False, True],
    )
  File "/home/hungvu/code/quant/QTradeSystematic/.venv/lib/python3.13/site-packages/pandas/core/frame.py", line 7194, in sort_values
    keys = [self._get_label_or_level_values(x, axis=axis) for x in by]
            ~~~~~~~~~~~~~~~~~~~~~~~~~~~~~~~^^^^^^^^^^^^^^
  File "/home/hungvu/code/quant/QTradeSystematic/.venv/lib/python3.13/site-packages/pandas/core/generic.py", line 1914, in _get_label_or_level_values
    raise KeyError(key)
KeyError: 'class_3_4_prob'
